go round 1: room_show 16 clients 22012.6 req/s
go round 1: messages_page 16 clients 22591.1 req/s
go round 1: sidebar 16 clients 22311.7 req/s
go round 1: search 16 clients 6898.9 req/s
go round 1: post_message 16 clients 1102.6 req/s
go round 2: room_show 16 clients 20168.3 req/s
go round 2: messages_page 16 clients 22402.1 req/s
go round 2: sidebar 16 clients 22968.0 req/s
go round 2: search 16 clients 23873.8 req/s
go round 2: post_message 16 clients 3525.3 req/s
{
  "go": {
    "room_show": {
      "median_rps": 21090.449999999997,
      "runs": [
        22012.6,
        20168.3
      ]
    },
    "messages_page": {
      "median_rps": 22496.6,
      "runs": [
        22591.1,
        22402.1
      ]
    },
    "sidebar": {
      "median_rps": 22639.85,
      "runs": [
        22311.7,
        22968.0
      ]
    },
    "search": {
      "median_rps": 15386.349999999999,
      "runs": [
        6898.9,
        23873.8
      ]
    },
    "post_message": {
      "median_rps": 2313.95,
      "runs": [
        1102.6,
        3525.3
      ]
    }
  }
}
