go round 1: room_show 16 clients 21455.4 req/s
go round 1: messages_page 16 clients 24035.3 req/s
go round 1: sidebar 16 clients 27708.0 req/s
go round 1: search 16 clients 26657.2 req/s
go round 1: post_message 16 clients 3243.4 req/s
go round 2: room_show 16 clients 20792.7 req/s
go round 2: messages_page 16 clients 21886.7 req/s
go round 2: sidebar 16 clients 23711.2 req/s
go round 2: search 16 clients 24199.8 req/s
go round 2: post_message 16 clients 3497.2 req/s
{
  "go": {
    "room_show": {
      "median_rps": 21124.050000000003,
      "runs": [
        21455.4,
        20792.7
      ]
    },
    "messages_page": {
      "median_rps": 22961.0,
      "runs": [
        24035.3,
        21886.7
      ]
    },
    "sidebar": {
      "median_rps": 25709.6,
      "runs": [
        27708.0,
        23711.2
      ]
    },
    "search": {
      "median_rps": 25428.5,
      "runs": [
        26657.2,
        24199.8
      ]
    },
    "post_message": {
      "median_rps": 3370.3,
      "runs": [
        3243.4,
        3497.2
      ]
    }
  }
}
