go round 1: room_show 16 clients 14897.1 req/s
go round 1: messages_page 16 clients 4179.5 req/s
go round 1: sidebar 16 clients 18279.9 req/s
go round 1: search 16 clients 10271.4 req/s
go round 2: room_show 16 clients 19871.4 req/s
go round 2: messages_page 16 clients 20252.3 req/s
go round 2: sidebar 16 clients 29163.1 req/s
go round 2: search 16 clients 24863.1 req/s
{
  "go": {
    "room_show": {
      "median_rps": 17384.25,
      "runs": [
        14897.1,
        19871.4
      ]
    },
    "messages_page": {
      "median_rps": 12215.9,
      "runs": [
        4179.5,
        20252.3
      ]
    },
    "sidebar": {
      "median_rps": 23721.5,
      "runs": [
        18279.9,
        29163.1
      ]
    },
    "search": {
      "median_rps": 17567.25,
      "runs": [
        10271.4,
        24863.1
      ]
    }
  }
}
