go round 1: room_show 16 clients 25508.5 req/s
go round 1: messages_page 16 clients 26121.2 req/s
go round 1: sidebar 16 clients 28472.3 req/s
go round 1: search 16 clients 28070.4 req/s
go round 1: post_message 16 clients 3749.2 req/s
go round 2: room_show 16 clients 23789.1 req/s
go round 2: messages_page 16 clients 26165.7 req/s
go round 2: sidebar 16 clients 28026.6 req/s
go round 2: search 16 clients 28309.2 req/s
go round 2: post_message 16 clients 3686.7 req/s
{
  "go": {
    "room_show": {
      "median_rps": 24648.8,
      "runs": [
        25508.5,
        23789.1
      ]
    },
    "messages_page": {
      "median_rps": 26143.45,
      "runs": [
        26121.2,
        26165.7
      ]
    },
    "sidebar": {
      "median_rps": 28249.449999999997,
      "runs": [
        28472.3,
        28026.6
      ]
    },
    "search": {
      "median_rps": 28189.800000000003,
      "runs": [
        28070.4,
        28309.2
      ]
    },
    "post_message": {
      "median_rps": 3717.95,
      "runs": [
        3749.2,
        3686.7
      ]
    }
  }
}
