go round 1: room_show 16 clients 25833.0 req/s
go round 1: messages_page 16 clients 26168.2 req/s
go round 1: sidebar 16 clients 28572.8 req/s
go round 1: search 16 clients 27929.4 req/s
go round 1: post_message 16 clients 3753.2 req/s
go round 2: room_show 16 clients 23012.7 req/s
go round 2: messages_page 16 clients 25968.7 req/s
go round 2: sidebar 16 clients 28622.0 req/s
go round 2: search 16 clients 24410.5 req/s
go round 2: post_message 16 clients 3218.5 req/s
{
  "go": {
    "room_show": {
      "median_rps": 24422.85,
      "runs": [
        25833.0,
        23012.7
      ]
    },
    "messages_page": {
      "median_rps": 26068.45,
      "runs": [
        26168.2,
        25968.7
      ]
    },
    "sidebar": {
      "median_rps": 28597.4,
      "runs": [
        28572.8,
        28622.0
      ]
    },
    "search": {
      "median_rps": 26169.95,
      "runs": [
        27929.4,
        24410.5
      ]
    },
    "post_message": {
      "median_rps": 3485.85,
      "runs": [
        3753.2,
        3218.5
      ]
    }
  }
}
