go round 1: room_show 16 clients 21027.8 req/s
go round 1: messages_page 16 clients 23071.5 req/s
go round 1: sidebar 16 clients 25821.4 req/s
go round 1: search 16 clients 25363.6 req/s
go round 1: post_message 16 clients 3601.2 req/s
go round 2: room_show 16 clients 25430.4 req/s
go round 2: messages_page 16 clients 26573.4 req/s
go round 2: sidebar 16 clients 28273.5 req/s
go round 2: search 16 clients 27544.8 req/s
go round 2: post_message 16 clients 3772.1 req/s
{
  "go": {
    "room_show": {
      "median_rps": 23229.1,
      "runs": [
        21027.8,
        25430.4
      ]
    },
    "messages_page": {
      "median_rps": 24822.45,
      "runs": [
        23071.5,
        26573.4
      ]
    },
    "sidebar": {
      "median_rps": 27047.45,
      "runs": [
        25821.4,
        28273.5
      ]
    },
    "search": {
      "median_rps": 26454.199999999997,
      "runs": [
        25363.6,
        27544.8
      ]
    },
    "post_message": {
      "median_rps": 3686.6499999999996,
      "runs": [
        3601.2,
        3772.1
      ]
    }
  }
}
