go round 1: room_show 16 clients 16929.1 req/s
go round 1: messages_page 16 clients 18877.9 req/s
go round 1: sidebar 16 clients 23713.3 req/s
go round 1: search 16 clients 21866.4 req/s
go round 2: room_show 16 clients 18247.3 req/s
go round 2: messages_page 16 clients 20203.4 req/s
go round 2: sidebar 16 clients 27379.0 req/s
go round 2: search 16 clients 26266.8 req/s
{
  "go": {
    "room_show": {
      "median_rps": 17588.199999999997,
      "runs": [
        16929.1,
        18247.3
      ]
    },
    "messages_page": {
      "median_rps": 19540.65,
      "runs": [
        18877.9,
        20203.4
      ]
    },
    "sidebar": {
      "median_rps": 25546.15,
      "runs": [
        23713.3,
        27379.0
      ]
    },
    "search": {
      "median_rps": 24066.6,
      "runs": [
        21866.4,
        26266.8
      ]
    }
  }
}
