go round 1: room_show 16 clients 24604.7 req/s
go round 1: messages_page 16 clients 25070.0 req/s
go round 1: sidebar 16 clients 32050.4 req/s
go round 1: search 16 clients 29936.6 req/s
go round 2: room_show 16 clients 24634.9 req/s
go round 2: messages_page 16 clients 24856.0 req/s
go round 2: sidebar 16 clients 30717.7 req/s
go round 2: search 16 clients 30142.4 req/s
{
  "go": {
    "room_show": {
      "median_rps": 24619.800000000003,
      "runs": [
        24604.7,
        24634.9
      ]
    },
    "messages_page": {
      "median_rps": 24963.0,
      "runs": [
        25070.0,
        24856.0
      ]
    },
    "sidebar": {
      "median_rps": 31384.050000000003,
      "runs": [
        32050.4,
        30717.7
      ]
    },
    "search": {
      "median_rps": 30039.5,
      "runs": [
        29936.6,
        30142.4
      ]
    }
  }
}
