go round 1: room_show 16 clients 22617.5 req/s
go round 1: messages_page 16 clients 22820.6 req/s
go round 1: sidebar 16 clients 31494.7 req/s
go round 1: search 16 clients 29964.2 req/s
go round 2: room_show 16 clients 23837.7 req/s
go round 2: messages_page 16 clients 23625.8 req/s
go round 2: sidebar 16 clients 30161.5 req/s
go round 2: search 16 clients 29822.4 req/s
{
  "go": {
    "room_show": {
      "median_rps": 23227.6,
      "runs": [
        22617.5,
        23837.7
      ]
    },
    "messages_page": {
      "median_rps": 23223.199999999997,
      "runs": [
        22820.6,
        23625.8
      ]
    },
    "sidebar": {
      "median_rps": 30828.1,
      "runs": [
        31494.7,
        30161.5
      ]
    },
    "search": {
      "median_rps": 29893.300000000003,
      "runs": [
        29964.2,
        29822.4
      ]
    }
  }
}
