go round 1: room_show 16 clients 22870.6 req/s
go round 1: messages_page 16 clients 22419.0 req/s
go round 1: sidebar 16 clients 26736.5 req/s
go round 1: search 16 clients 26568.3 req/s
go round 1: post_message 16 clients 3639.3 req/s
go round 2: room_show 16 clients 22781.8 req/s
go round 2: messages_page 16 clients 26025.5 req/s
go round 2: sidebar 16 clients 27469.1 req/s
go round 2: search 16 clients 28416.1 req/s
go round 2: post_message 16 clients 3729.8 req/s
{
  "go": {
    "room_show": {
      "median_rps": 22826.199999999997,
      "runs": [
        22870.6,
        22781.8
      ]
    },
    "messages_page": {
      "median_rps": 24222.25,
      "runs": [
        22419.0,
        26025.5
      ]
    },
    "sidebar": {
      "median_rps": 27102.8,
      "runs": [
        26736.5,
        27469.1
      ]
    },
    "search": {
      "median_rps": 27492.199999999997,
      "runs": [
        26568.3,
        28416.1
      ]
    },
    "post_message": {
      "median_rps": 3684.55,
      "runs": [
        3639.3,
        3729.8
      ]
    }
  }
}
