go round 1: room_show 16 clients 26032.6 req/s
go round 1: messages_page 16 clients 26510.6 req/s
go round 1: sidebar 16 clients 28670.4 req/s
go round 1: search 16 clients 27411.2 req/s
go round 1: post_message 16 clients 3915.2 req/s
go round 2: room_show 16 clients 25671.2 req/s
go round 2: messages_page 16 clients 26312.9 req/s
go round 2: sidebar 16 clients 28274.0 req/s
go round 2: search 16 clients 27849.0 req/s
go round 2: post_message 16 clients 3944.2 req/s
{
  "go": {
    "room_show": {
      "median_rps": 25851.9,
      "runs": [
        26032.6,
        25671.2
      ]
    },
    "messages_page": {
      "median_rps": 26411.75,
      "runs": [
        26510.6,
        26312.9
      ]
    },
    "sidebar": {
      "median_rps": 28472.2,
      "runs": [
        28670.4,
        28274.0
      ]
    },
    "search": {
      "median_rps": 27630.1,
      "runs": [
        27411.2,
        27849.0
      ]
    },
    "post_message": {
      "median_rps": 3929.7,
      "runs": [
        3915.2,
        3944.2
      ]
    }
  }
}
