go round 1: room_show 16 clients 22761.5 req/s
go round 1: messages_page 16 clients 26284.2 req/s
go round 1: sidebar 16 clients 28567.9 req/s
go round 1: search 16 clients 28188.6 req/s
go round 1: post_message 16 clients 3754.1 req/s
go round 2: room_show 16 clients 22447.4 req/s
go round 2: messages_page 16 clients 25841.0 req/s
go round 2: sidebar 16 clients 26435.1 req/s
go round 2: search 16 clients 26374.6 req/s
go round 2: post_message 16 clients 3668.6 req/s
{
  "go": {
    "room_show": {
      "median_rps": 22604.45,
      "runs": [
        22761.5,
        22447.4
      ]
    },
    "messages_page": {
      "median_rps": 26062.6,
      "runs": [
        26284.2,
        25841.0
      ]
    },
    "sidebar": {
      "median_rps": 27501.5,
      "runs": [
        28567.9,
        26435.1
      ]
    },
    "search": {
      "median_rps": 27281.6,
      "runs": [
        28188.6,
        26374.6
      ]
    },
    "post_message": {
      "median_rps": 3711.35,
      "runs": [
        3754.1,
        3668.6
      ]
    }
  }
}
